// Vitest Snapshot v1

exports[`renders app 1`] = `
<div>
  <div
    class="flex h-screen"
  >
    <div
      class="m-auto"
    >
      <div
        class="text-6xl text-red-600"
      >
        1
      </div>
      <button
        class="btn btn-primary"
      >
        Click me!
      </button>
    </div>
  </div>
</div>
`;
